Release 14.4 - xst P.49d (nt64)
Copyright (c) 1995-2012 Xilinx, Inc.  All rights reserved.
--> Parameter TMPDIR set to xst/projnav.tmp


Total REAL time to Xst completion: 0.00 secs
Total CPU time to Xst completion: 0.07 secs
 
--> Parameter xsthdpdir set to xst


Total REAL time to Xst completion: 0.00 secs
Total CPU time to Xst completion: 0.07 secs
 
--> Reading design: ComparisonUnit.prj

TABLE OF CONTENTS
  1) Synthesis Options Summary
  2) HDL Parsing
  3) HDL Elaboration
  4) HDL Synthesis
       4.1) HDL Synthesis Report
  5) Advanced HDL Synthesis
       5.1) Advanced HDL Synthesis Report
  6) Low Level Synthesis
  7) Partition Report
  8) Design Summary
       8.1) Primitive and Black Box Usage
       8.2) Device utilization summary
       8.3) Partition Resource Summary
       8.4) Timing Report
            8.4.1) Clock Information
            8.4.2) Asynchronous Control Signals Information
            8.4.3) Timing Summary
            8.4.4) Timing Details
            8.4.5) Cross Clock Domains Report


=========================================================================
*                      Synthesis Options Summary                        *
=========================================================================
---- Source Parameters
Input File Name                    : "ComparisonUnit.prj"
Ignore Synthesis Constraint File   : NO

---- Target Parameters
Output File Name                   : "ComparisonUnit"
Output Format                      : NGC
Target Device                      : xc6slx16-3-csg324

---- Source Options
Top Module Name                    : ComparisonUnit
Automatic FSM Extraction           : YES
FSM Encoding Algorithm             : Auto
Safe Implementation                : No
FSM Style                          : LUT
RAM Extraction                     : Yes
RAM Style                          : Auto
ROM Extraction                     : Yes
Shift Register Extraction          : YES
ROM Style                          : Auto
Resource Sharing                   : YES
Asynchronous To Synchronous        : NO
Shift Register Minimum Size        : 2
Use DSP Block                      : Auto
Automatic Register Balancing       : No

---- Target Options
LUT Combining                      : Auto
Reduce Control Sets                : Auto
Add IO Buffers                     : YES
Global Maximum Fanout              : 100000
Add Generic Clock Buffer(BUFG)     : 16
Register Duplication               : YES
Optimize Instantiated Primitives   : NO
Use Clock Enable                   : Auto
Use Synchronous Set                : Auto
Use Synchronous Reset              : Auto
Pack IO Registers into IOBs        : Auto
Equivalent register Removal        : YES

---- General Options
Optimization Goal                  : Speed
Optimization Effort                : 1
Power Reduction                    : NO
Keep Hierarchy                     : No
Netlist Hierarchy                  : As_Optimized
RTL Output                         : Yes
Global Optimization                : AllClockNets
Read Cores                         : YES
Write Timing Constraints           : NO
Cross Clock Analysis               : NO
Hierarchy Separator                : /
Bus Delimiter                      : <>
Case Specifier                     : Maintain
Slice Utilization Ratio            : 100
BRAM Utilization Ratio             : 100
DSP48 Utilization Ratio            : 100
Auto BRAM Packing                  : NO
Slice Utilization Ratio Delta      : 5

---- Other Options
Cores Search Directories           : {"ipcore_dir"  }

=========================================================================


=========================================================================
*                          HDL Parsing                                  *
=========================================================================
Parsing VHDL file "E:\CPU\RTL\PANZER16\ComparisonUnit.vhd" into library work
Parsing entity <ComparisonUnit>.
Parsing architecture <Behavioral> of entity <comparisonunit>.

=========================================================================
*                            HDL Elaboration                            *
=========================================================================

Elaborating entity <ComparisonUnit> (architecture <Behavioral>) from library <work>.

=========================================================================
*                           HDL Synthesis                               *
=========================================================================

Synthesizing Unit <ComparisonUnit>.
    Related source file is "E:\CPU\RTL\PANZER16\ComparisonUnit.vhd".
    Found 16-bit comparator equal for signal <Equal> created at line 42
    Found 16-bit comparator greater for signal <Greater> created at line 43
    Summary:
	inferred   2 Comparator(s).
Unit <ComparisonUnit> synthesized.

=========================================================================
HDL Synthesis Report

Macro Statistics
# Comparators                                          : 2
 16-bit comparator equal                               : 1
 16-bit comparator greater                             : 1

=========================================================================

=========================================================================
*                       Advanced HDL Synthesis                          *
=========================================================================


=========================================================================
Advanced HDL Synthesis Report

Macro Statistics
# Comparators                                          : 2
 16-bit comparator equal                               : 1
 16-bit comparator greater                             : 1

=========================================================================

=========================================================================
*                         Low Level Synthesis                           *
=========================================================================

Optimizing unit <ComparisonUnit> ...

Mapping all equations...
Building and optimizing final netlist ...
Found area constraint ratio of 100 (+ 5) on block ComparisonUnit, actual ratio is 0.

Final Macro Processing ...

=========================================================================
Final Register Report

Found no macro
=========================================================================

=========================================================================
*                           Partition Report                            *
=========================================================================

Partition Implementation Status
-------------------------------

  No Partitions were found in this design.

-------------------------------

=========================================================================
*                            Design Summary                             *
=========================================================================

Top Level Output File Name         : ComparisonUnit.ngc

Primitive and Black Box Usage:
------------------------------
# BELS                             : 36
#      GND                         : 1
#      LUT2                        : 1
#      LUT4                        : 14
#      LUT5                        : 1
#      LUT6                        : 5
#      MUXCY                       : 13
#      VCC                         : 1
# IO Buffers                       : 34
#      IBUF                        : 32
#      OBUF                        : 2

Device utilization summary:
---------------------------

Selected Device : 6slx16csg324-3 


Slice Logic Utilization: 
 Number of Slice LUTs:                   21  out of   9112     0%  
    Number used as Logic:                21  out of   9112     0%  

Slice Logic Distribution: 
 Number of LUT Flip Flop pairs used:     21
   Number with an unused Flip Flop:      21  out of     21   100%  
   Number with an unused LUT:             0  out of     21     0%  
   Number of fully used LUT-FF pairs:     0  out of     21     0%  
   Number of unique control sets:         0

IO Utilization: 
 Number of IOs:                          34
 Number of bonded IOBs:                  34  out of    232    14%  

Specific Feature Utilization:

---------------------------
Partition Resource Summary:
---------------------------

  No Partitions were found in this design.

---------------------------


=========================================================================
Timing Report

NOTE: THESE TIMING NUMBERS ARE ONLY A SYNTHESIS ESTIMATE.
      FOR ACCURATE TIMING INFORMATION PLEASE REFER TO THE TRACE REPORT
      GENERATED AFTER PLACE-and-ROUTE.

Clock Information:
------------------
No clock signals found in this design

Asynchronous Control Signals Information:
----------------------------------------
No asynchronous control signals found in this design

Timing Summary:
---------------
Speed Grade: -3

   Minimum period: No path found
   Minimum input arrival time before clock: No path found
   Maximum output required time after clock: No path found
   Maximum combinational path delay: 6.840ns

Timing Details:
---------------
All values displayed in nanoseconds (ns)

=========================================================================
Timing constraint: Default path analysis
  Total number of paths / destination ports: 92 / 2
-------------------------------------------------------------------------
Delay:               6.840ns (Levels of Logic = 11)
  Source:            Input1<0> (PAD)
  Destination:       Greater (PAD)

  Data Path: Input1<0> to Greater
                                Gate     Net
    Cell:in->out      fanout   Delay   Delay  Logical Name (Net Name)
    ----------------------------------------  ------------
     IBUF:I->O             3   1.222   0.898  Input1_0_IBUF (Input1_0_IBUF)
     LUT4:I0->O            1   0.203   0.000  Mcompar_Greater_lut<0> (Mcompar_Greater_lut<0>)
     MUXCY:S->O            1   0.172   0.000  Mcompar_Greater_cy<0> (Mcompar_Greater_cy<0>)
     MUXCY:CI->O           1   0.019   0.000  Mcompar_Greater_cy<1> (Mcompar_Greater_cy<1>)
     MUXCY:CI->O           1   0.019   0.000  Mcompar_Greater_cy<2> (Mcompar_Greater_cy<2>)
     MUXCY:CI->O           1   0.019   0.000  Mcompar_Greater_cy<3> (Mcompar_Greater_cy<3>)
     MUXCY:CI->O           1   0.019   0.000  Mcompar_Greater_cy<4> (Mcompar_Greater_cy<4>)
     MUXCY:CI->O           1   0.019   0.000  Mcompar_Greater_cy<5> (Mcompar_Greater_cy<5>)
     MUXCY:CI->O           1   0.213   0.684  Mcompar_Greater_cy<6> (Mcompar_Greater_cy<6>)
     LUT5:I3->O            1   0.203   0.579  Mcompar_Greater_cy<7>_inv1 (Greater_OBUF)
     OBUF:I->O                 2.571          Greater_OBUF (Greater)
    ----------------------------------------
    Total                      6.840ns (4.679ns logic, 2.161ns route)
                                       (68.4% logic, 31.6% route)

=========================================================================

Cross Clock Domains Report:
--------------------------

=========================================================================


Total REAL time to Xst completion: 3.00 secs
Total CPU time to Xst completion: 3.22 secs
 
--> 

Total memory usage is 4484892 kilobytes

Number of errors   :    0 (   0 filtered)
Number of warnings :    0 (   0 filtered)
Number of infos    :    0 (   0 filtered)

